// Vitest Snapshot v1, https://vitest.dev/guide/snapshot.html

exports[`ControlPanel > renders correctly 1`] = `
<div
  class="fixed bottom-0 inset-x-0 flex items-center sm:items-end sm:justify-center flex-col sm:flex-row bg-gray-50 p-4 space-y-2 sm:space-y-0"
>
  <div
    class="max-w-full sm:mr-4"
  >
    <estimate-selector-stub
      options="1,2,3"
    />
  </div>
  <div
    class="flex sm:flex-col w-full sm:w-auto space-x-4 sm:space-x-0 sm:gap-y-4 justify-center sm:justify-end"
  >
    <button
      class="w-1/2 sm:w-32 rounded-md bg-indigo-50 px-3.5 py-2.5 text-sm font-semibold text-indigo-600 shadow-sm hover:bg-indigo-100"
      data-test="copy-game-link"
      type="button"
    >
       Copy Link 
    </button>
    <div
      class="w-1/2 sm:w-32 sm:mb-2"
    >
      <button
        class="w-full rounded-md bg-indigo-600 px-3.5 py-2.5 text-sm font-semibold text-white shadow-sm hover:bg-indigo-500 focus-visible:outline focus-visible:outline-2 focus-visible:outline-offset-2 focus-visible:outline-indigo-600"
        data-test="reveal-cards"
        type="button"
      >
         Reveal 
      </button>
      <!--v-if-->
    </div>
  </div>
</div>
`;
